// Jest Snapshot v1, https://goo.gl/fbAQLP

exports[`Search renders correctly 1`] = `
.c1 {
  margin-bottom: 20px;
}

.c2 {
  display: block;
  margin-bottom: 10px;
}

.c3 {
  display: block;
  border: 1px solid;
  padding: 15px 10px;
  height: 45px;
  width: 100%;
}

.c4 {
  height: 36px;
  background: #322F6F;
  border-radius: 3px;
  font-size: 14px;
  font-weight: 300;
  line-height: 16px;
  color: #fff;
  cursor: pointer;
  display: inline-block;
}

.c0 {
  grid-column: 1 / span 4;
}

<section
  className="c0"
>
  <h1>
    Search
  </h1>
  <form
    action="/search"
    method="POST"
    onSubmit={[Function]}
  >
    <div
      className="c1"
    >
      <label
        className="c2"
        htmlFor="query"
      >
        Search
      </label>
      <div
        className="textfield-wrapper"
      >
        <input
          className="c3"
          id="query"
          name=""
          onBlur={[Function]}
          onChange={[Function]}
          type="text"
          value=""
        />
      </div>
      
    </div>
    <button
      className="c4"
      onClick={null}
      size="normal"
      type="submit"
    >
      Search
    </button>
  </form>
</section>
`;
