// Jest Snapshot v1, https://goo.gl/fbAQLP

exports[`SearchResultItem renders correctly 1`] = `
.c7 {
  height: 36px;
  background: #322F6F;
  border-radius: 3px;
  font-size: 14px;
  font-weight: 300;
  line-height: 16px;
  color: #fff;
  cursor: pointer;
  display: block;
  width: 100%;
}

.c0 {
  margin-bottom: 48px;
}

.c6 {
  display: -webkit-box;
  display: -webkit-flex;
  display: -ms-flexbox;
  display: flex;
  -webkit-box-pack: center;
  -webkit-justify-content: center;
  -ms-flex-pack: center;
  justify-content: center;
  -webkit-align-items: center;
  -webkit-box-align: center;
  -ms-flex-align: center;
  align-items: center;
}

.c6 svg {
  margin-right: 5px;
}

.c1 {
  display: -webkit-box;
  display: -webkit-flex;
  display: -ms-flexbox;
  display: flex;
  margin-bottom: 20px;
}

.c2 {
  margin-left: 13px;
}

.c4 {
  margin: 0;
}

.c3 {
  font-size: 16px;
  font-weight: 500;
  line-height: 19px;
  margin-bottom: 7px;
  display: inline-block;
}

.c5 {
  margin: 20px 0 0;
}

<li
  className="c0"
>
  <div
    className="c1"
  >
    <img
      alt="Cover of Sonic Rides Again"
      src="http://image.com/image.jpg"
    />
    <div
      className="c2"
    >
      <span
        className="c3"
      >
        Sonic Rides Again
      </span>
      <p
        className="c4"
      >
        Developed by
         
        Sonic Team
        <br />
        Published by
         
        Sega
      </p>
      <p
        className="c5"
      >
        Platforms: 
        Sega GameCast
      </p>
    </div>
  </div>
  <span />
  <button
    className="c6 c7"
    onClick={[Function]}
    size="normal"
    type="button"
  >
    <svg
      fill="#fff"
      height={22}
      viewBox="0 0 448 512"
      width={20}
      xmlns="http://www.w3.org/2000/svg"
    >
      <path
        d="M352 240v32c0 6.6-5.4 12-12 12h-88v88c0 6.6-5.4 12-12 12h-32c-6.6 0-12-5.4-12-12v-88h-88c-6.6 0-12-5.4-12-12v-32c0-6.6 5.4-12 12-12h88v-88c0-6.6 5.4-12 12-12h32c6.6 0 12 5.4 12 12v88h88c6.6 0 12 5.4 12 12zm96-160v352c0 26.5-21.5 48-48 48H48c-26.5 0-48-21.5-48-48V80c0-26.5 21.5-48 48-48h352c26.5 0 48 21.5 48 48zm-48 346V86c0-3.3-2.7-6-6-6H54c-3.3 0-6 2.7-6 6v340c0 3.3 2.7 6 6 6h340c3.3 0 6-2.7 6-6z"
      />
    </svg>
    Add to my collection
  </button>
</li>
`;
