// Jest Snapshot v1, https://goo.gl/fbAQLP

exports[`ErrorMessage renders an error message 1`] = `
.c0 {
  font-size: 1em;
  font-weight: 500;
}

<div
  className="c0"
>
  Hello World
</div>
`;
