// Jest Snapshot v1, https://goo.gl/fbAQLP

exports[`renders without crashing 1`] = `
<div
  className="cp-login"
>
  <h1>
    Log In
  </h1>
  <form
    onSubmit={[Function]}
  >
    <div
      className="form-group"
    >
      <label
        htmlFor="username"
      >
        Username
      </label>
      <input
        id="username"
        placeholder="Username"
        type="text"
      />
    </div>
    <div
      className="form-group"
    >
      <label
        htmlFor="password"
      >
        Password
      </label>
      <input
        id="password"
        placeholder="Password"
        type="password"
      />
    </div>
    <button
      type="submit"
    >
      Log in
    </button>
  </form>
</div>
`;
